#-----------------------------------------------------------
# Vivado v2024.2 (64-bit)
# SW Build 5239630 on Fri Nov 08 22:35:27 MST 2024
# IP Build 5239520 on Sun Nov 10 16:12:51 MST 2024
# SharedData Build 5239561 on Fri Nov 08 14:39:27 MST 2024
# Start of session at: Tue May  6 18:16:31 2025
# Process ID         : 27944
# Current directory  : C:/Users/A/OneDrive/Desktop/ProiectSCID/project_4/project_4.runs/synth_1
# Command line       : vivado.exe -log AES_top.vds -product Vivado -mode batch -messageDb vivado.pb -notrace -source AES_top.tcl
# Log file           : C:/Users/A/OneDrive/Desktop/ProiectSCID/project_4/project_4.runs/synth_1/AES_top.vds
# Journal file       : C:/Users/A/OneDrive/Desktop/ProiectSCID/project_4/project_4.runs/synth_1\vivado.jou
# Running On         : DESKTOP-EF1BR05
# Platform           : Windows Server 2016 or Windows 10
# Operating System   : 19045
# Processor Detail   : Intel(R) Core(TM) i7-8565U CPU @ 1.80GHz
# CPU Frequency      : 1992 MHz
# CPU Physical cores : 4
# CPU Logical cores  : 8
# Host memory        : 8434 MB
# Swap memory        : 12801 MB
# Total Virtual      : 21236 MB
# Available Virtual  : 4227 MB
#-----------------------------------------------------------
source AES_top.tcl -notrace
